// Jest Snapshot v1, https://goo.gl/fbAQLP

exports[`Header Should match snapshot 1`] = `"<div class=\\"styled__StHeader-zzrvsn-0 gQBNkx\\"><div class=\\"styled__StLogo-sc-9vy3sh-0 krciQz\\"><img src=\\"./public/assets/images/logo.png\\"/><h1>Header&amp;Shmeader </h1></div><div class=\\"styled__StControl-sc-1i99xqk-0 joBAxQ\\"><button id=\\"en\\" type=\\"button\\" color=\\"white\\" height=\\"10vh\\" width=\\"60px\\" class=\\"styled__StButton-sc-1a6hck8-0 iwKgks\\">EN</button><button id=\\"ru\\" type=\\"button\\" color=\\"white\\" height=\\"10vh\\" width=\\"60px\\" class=\\"styled__StButton-sc-1a6hck8-0 iwKgks\\">RU</button><button id=\\"ar\\" type=\\"button\\" color=\\"white\\" height=\\"10vh\\" width=\\"60px\\" class=\\"styled__StButton-sc-1a6hck8-0 iwKgks\\">AR</button></div></div>"`;
