// Jest Snapshot v1, https://goo.gl/fbAQLP

exports[`HeaderControlPanel Should match snapshot 1`] = `"<div class=\\"styled__StControl-sc-1i99xqk-0 joBAxQ\\"><button id=\\"en\\" type=\\"button\\" value=\\"en\\" color=\\"white\\" font-size=\\"26px\\" height=\\"10vh\\" width=\\"60px\\" class=\\"styled__StButton-sc-1a6hck8-0 eOHcsr\\"></button><button id=\\"ru\\" type=\\"button\\" value=\\"ru\\" color=\\"white\\" font-size=\\"26px\\" height=\\"10vh\\" width=\\"60px\\" class=\\"styled__StButton-sc-1a6hck8-0 eOHcsr\\"></button><button id=\\"ar\\" type=\\"button\\" value=\\"ar\\" color=\\"white\\" font-size=\\"26px\\" height=\\"10vh\\" width=\\"60px\\" class=\\"styled__StButton-sc-1a6hck8-0 eOHcsr\\"></button></div>"`;
