// Jest Snapshot v1, https://goo.gl/fbAQLP

exports[`App Should match snapshot 1`] = `"<div class=\\"styled__StControl-sc-1i99xqk-0 joBAxQ\\"><button id=\\"en\\" type=\\"button\\" color=\\"white\\" height=\\"10vh\\" width=\\"60px\\" class=\\"styled__StButton-sc-1a6hck8-0 iwKgks\\">EN</button><button id=\\"ru\\" type=\\"button\\" color=\\"white\\" height=\\"10vh\\" width=\\"60px\\" class=\\"styled__StButton-sc-1a6hck8-0 iwKgks\\">RU</button><button id=\\"ar\\" type=\\"button\\" color=\\"white\\" height=\\"10vh\\" width=\\"60px\\" class=\\"styled__StButton-sc-1a6hck8-0 iwKgks\\">AR</button></div>"`;
